C51 COMPILER V9.54   CLOCK                                                                 03/22/2023 07:45:44 PAGE 1   


C51 COMPILER V9.54, COMPILATION OF MODULE CLOCK
OBJECT MODULE PLACED IN .\Objects\clock.obj
COMPILER INVOKED BY: D:\keil5\C51\BIN\C51.EXE clock.c OPTIMIZE(8,SPEED) BROWSE DEBUG OBJECTEXTEND PRINT(.\Listings\clock
                    -.lst) TABS(2) OBJECT(.\Objects\clock.obj)

line level    source

   1          #include <REGX52.H>
   2          #include "timer0.h"
   3          #include "delay.h"
   4          
   5          sbit buzzer=P2^5;
   6          #define SPEED 50
   7          #define PO  36
   8          #define L1  0
   9          #define L1_ 1
  10          #define L2  2
  11          #define L2_ 3
  12          #define L3  4
  13          #define L4  5
  14          #define L4_ 6
  15          #define L5  7
  16          #define L5_ 8
  17          #define L6  9  
  18          #define L6_ 10
  19          #define L7  11
  20          
  21          #define D1  12
  22          #define D1_ 13
  23          #define D2  14
  24          #define D2_ 15
  25          #define D3  16
  26          #define D4  17
  27          #define D4_ 18
  28          #define D5  19
  29          #define D5_ 20
  30          #define D6  21  
  31          #define D6_ 22
  32          #define D7  23
  33          
  34          #define H1  24
  35          #define H1_ 25
  36          #define H2  26
  37          #define H2_ 27
  38          #define H3  28
  39          #define H4  29
  40          #define H4_ 30
  41          #define H5  31
  42          #define H5_ 32
  43          #define H6  33  
  44          #define H6_ 34
  45          #define H7  35
  46          
  47          
  48          
  49          
  50          
  51          
  52          unsigned int  code freqtab[]={
  53            63628,63731,63835,63928,64021,64103,64185,64260,64331,64400,64463,64528,
  54            64580,64633,64684,64732,64777,64820,64860,64898,64934,64968,65000,65030,
C51 COMPILER V9.54   CLOCK                                                                 03/22/2023 07:45:44 PAGE 2   

  55            65058,65085,65110,65134,65157,65178,65198,65217,65235,65252,65268,65283,0};
  56          
  57          
  58            unsigned char key,musickey;
  59            char  code music[]={
  60          //    H6,4,
  61          //    H5,4,
  62          //    H3,4,
  63          //    H2,4+4, 
  64          //    D6,4,
  65          //    D5,8,   
  66          //    
  67          //    PO,4,
  68          //    D2,4,
  69          //    D3,4,
  70          //    D5,4+8+8,
  71          //    
  72          //    
  73          //    H6,4,
  74          //    H5,4,
  75          //    H3,4,
  76          //    H2,4+4, 
  77          //    D6,4,
  78          //    D5,4,
  79          //    D3,4,
  80          //    
  81          //    PO,4,
  82          //    D2,4,
  83          //    D3,4,
  84          //    D5,4,
  85          //    D6,8+8,
  86          //    
  87          //    H6,4,
  88          //    H5,4,
  89          //    H3,4,
  90          //    H2,4+4, 
  91          //    D6,4,
  92          //    D5,4, 
  93          //    D3,4,
  94          //    
  95          //    PO,4,
  96          //    D2,4,
  97          //    D3,4,
  98          //    D5,4+8+8,
  99          //    
 100          //      
 101          //    H6,4,
 102          //    H5,4,
 103          //    H3,4,
 104          //    H2,4+4, 
 105          //    D6,4,
 106          //    D5,4,
 107          //    D3,4,
 108          //    
 109          //    PO,4,
 110          //    D2,4,
 111          //    D3,4,
 112          //    D5,4,
 113          //    D6,8+8,
 114          //    
 115          
 116              PO,8+8+8+8,
C51 COMPILER V9.54   CLOCK                                                                 03/22/2023 07:45:44 PAGE 3   

 117          
 118              L6,4,
 119              L7,4,
 120              L6,4,
 121              L6,8+4,
 122              D3,8,
 123              
 124              L7,4,
 125              D1,4,
 126              L7,4,
 127              L7,8,
 128              D1,4,
 129              D2,4,
 130              L7,4+2,
 131              
 132              
 133              L6,2,
 134              L7,4,
 135              L6,2,
 136              L7,4,
 137              L6,2,
 138              L7,4,
 139              L6,2,
 140              L7,2+2,
 141              L6,2,
 142              L7,4,
 143              
 144              PO,8+8+8+8,
 145              
 146              
 147              
 148                  
 149              D6,4,
 150              D5,4,
 151              D3,4,
 152              D2,8+4,
 153              D3,4,
 154              D1,4+4,
 155              
 156              D2,8,
 157              D3,4+4,
 158              D5,8+4,
 159              
 160              D6,4,
 161              D5,4,
 162              D3,4,
 163              D2,8+4,
 164              D3,4,
 165              D2,4+8,
 166              
 167              D1,4,
 168              D2,8,
 169              D1,4+8,
 170              
 171              D6,4,
 172              D5,4,
 173              D3,4,
 174              D2,12,
 175              D3,4,
 176              D1,4+4,
 177              
 178              D2,8,
C51 COMPILER V9.54   CLOCK                                                                 03/22/2023 07:45:44 PAGE 4   

 179              D3,4+4,
 180              D5,8+4,
 181              
 182              D6,4,
 183              D5,4,
 184              D3,4,
 185              D2,12,
 186              D3,4,
 187              L6,4+8+8+8,
 188              
 189              PO,8,
 190              
 191              D6,4,
 192              D5,4,
 193              D3,4,
 194              D2,8+4,
 195              D3,4,
 196              D1,4+4,
 197              
 198              D2,8,
 199              D3,4+4,
 200              D5,8+4,
 201              
 202              D6,4,
 203              D5,4,
 204              D3,4,
 205              D2,8+4,
 206              D3,4,
 207              D2,4+8,
 208              
 209              D1,4,
 210              D2,8,
 211              D1,4+8,
 212              
 213              D6,4,
 214              D5,4,
 215              D3,4,
 216              D2,12,
 217              D3,4,
 218              D1,4+4,
 219              
 220              D2,8,
 221              D3,4+4,
 222              D5,8+4,
 223              
 224              D6,4,
 225              D5,4,
 226              D3,4,
 227              D2,12,
 228              D3,4,
 229              L6,4+8+8+8,
 230              
 231              PO,8,
 232              
 233              D1,4,
 234              D2,4,
 235              D3,4,
 236              D6,8,
 237              D5,4+8,
 238              D3,2,
 239              D2,2,
 240              
C51 COMPILER V9.54   CLOCK                                                                 03/22/2023 07:45:44 PAGE 5   

 241              D1,4,
 242              D2,4,
 243              D3,4,
 244              D5,8,
 245              D6,4+4,
 246              H1,2,
 247              D7,2,
 248              
 249              H1,4,
 250              D6,4,
 251              D3,4,
 252              D2,4+4,
 253              D3,8,
 254              D6,4+8+8+8+8,
 255              
 256              
 257              PO,8+8+8+8+8+8,
 258              
 259              
 260              
 261              
 262              
 263              
 264              
 265              0xFE
 266            };
 267            
 268          void main()
 269          {
 270   1        
 271   1        Timer0Init();
 272   1         
 273   1         while(1)
 274   1      {
 275   2        
 276   2        if(music[musickey]!=0xEF)
 277   2        {
 278   3          key=music[musickey];
 279   3        musickey++;
 280   3        delay(SPEED *music[musickey]);
 281   3        musickey++;
 282   3        TR0=0;
 283   3        delay(5);
 284   3        TR0=1;
 285   3        }
 286   2        else
 287   2        {
 288   3          TR0=0;
 289   3          while(1);
 290   3        }
 291   2      
 292   2      }
 293   1      }
 294          
 295            void timer0_routine() interrupt 1//中断器
 296          {   
 297   1      if(freqtab[key])
 298   1      {
 299   2        TL0 = freqtab[key]%256;
 300   2          TH0 = freqtab[key]/256;   
 301   2      
 302   2            buzzer=!buzzer;
C51 COMPILER V9.54   CLOCK                                                                 03/22/2023 07:45:44 PAGE 6   

 303   2      }
 304   1          
 305   1      
 306   1      }


MODULE INFORMATION:   STATIC OVERLAYABLE
   CODE SIZE        =    134    ----
   CONSTANT SIZE    =    301    ----
   XDATA SIZE       =   ----    ----
   PDATA SIZE       =   ----    ----
   DATA SIZE        =      2    ----
   IDATA SIZE       =   ----    ----
   BIT SIZE         =   ----    ----
END OF MODULE INFORMATION.


C51 COMPILATION COMPLETE.  0 WARNING(S),  0 ERROR(S)
